###############################################################################
#
# IAR ELF Linker V9.10.1.308/W64 for ARM                  06/Apr/2021  07:41:00
# Copyright 2007-2021 IAR Systems AB.
#
#    Output file  =
#        C:\IAR\EK-TM4C1294_RTOS_IAR8-master\Projects\tarefas\ewarm\Exe\tarefas.out
#    Map file     =
#        C:\IAR\EK-TM4C1294_RTOS_IAR8-master\Projects\tarefas\ewarm\List\tarefas.map
#    Command line =
#        -f
#        C:\IAR\EK-TM4C1294_RTOS_IAR8-master\Projects\tarefas\ewarm\Exe\tarefas.out.rsp
#        (C:\IAR\EK-TM4C1294_RTOS_IAR8-master\Projects\tarefas\ewarm\Obj\driverleds.o
#        C:\IAR\EK-TM4C1294_RTOS_IAR8-master\TivaWare_C_Series-2.1.4.178\driverlib\ewarm\Exe\driverlib.a
#        C:\IAR\EK-TM4C1294_RTOS_IAR8-master\CMSIS-5.6.0\CMSIS\RTOS2\RTX\Library\IAR\IDE\CM4F\Exe\RTX_CM.a
#        C:\IAR\EK-TM4C1294_RTOS_IAR8-master\Projects\tarefas\ewarm\Obj\RTX_Config.o
#        C:\IAR\EK-TM4C1294_RTOS_IAR8-master\Projects\tarefas\ewarm\Obj\rtx_lib.o
#        C:\IAR\EK-TM4C1294_RTOS_IAR8-master\Projects\tarefas\ewarm\Obj\startup_TM4C1294.o
#        C:\IAR\EK-TM4C1294_RTOS_IAR8-master\Projects\tarefas\ewarm\Obj\system_TM4C1294_TW.o
#        C:\IAR\EK-TM4C1294_RTOS_IAR8-master\Projects\tarefas\ewarm\Obj\tarefas.o
#        --no_out_extension -o
#        C:\IAR\EK-TM4C1294_RTOS_IAR8-master\Projects\tarefas\ewarm\Exe\tarefas.out
#        --map
#        C:\IAR\EK-TM4C1294_RTOS_IAR8-master\Projects\tarefas\ewarm\List\tarefas.map
#        --config "C:\Program Files\IAR_9.0\Embedded Workbench
#        9.0\arm\config\linker\TexasInstruments\TM4C1294NC.icf" --semihosting
#        --entry __iar_program_start --vfe --text_out locale)
#
###############################################################################

*******************************************************************************
*** RUNTIME MODEL ATTRIBUTES
***

CppFlavor       = *
__SystemLibrary = DLib
__dlib_version  = 6


*******************************************************************************
*** HEAP SELECTION
***

The basic heap was selected because some modules are built with
size limitations (and not runtime checking), and --advanced_heap
was not specified.


*******************************************************************************
*** PLACEMENT SUMMARY
***

"A0":  place at address 0x0 { ro section .intvec };
"P1":  place in [from 0x0 to 0xf'ffff] { ro };
define block CSTACK with size = 32K, alignment = 8 { };
define block HEAP with size = 64K, alignment = 8 { };
"P2":  place in [from 0x2000'0000 to 0x2003'ffff] {
          rw, block CSTACK, block HEAP };
initialize by copy { rw };

  Section               Kind         Address    Size  Object
  -------               ----         -------    ----  ------
"A0":                                          0x3c0
  .intvec               ro code          0x0   0x3c0  startup_TM4C1294.o [1]
                                     - 0x3c0   0x3c0

"P1":                                         0x21a1
  .text                 ro code        0x3c0   0x624  rtx_thread.o [2]
  .text                 ro code        0x9e4    0xcc  rtx_mempool.o [2]
  .text                 ro code        0xab0    0x7a  rtx_memory.o [2]
  .text                 ro code        0xb2a    0x3a  packbits_init_single.o [5]
  .text                 ro code        0xb64     0x6  ABImemclr4.o [5]
  .text                 ro code        0xb6a    0x42  rtx_memory.o [2]
  .text                 ro code        0xbac   0x258  rtx_mutex.o [2]
  .text                 ro code        0xe04    0x20  RTX_Config.o [1]
  .text                 ro code        0xe24    0x32  ABImemset48.o [5]
  .text                 ro code        0xe56     0x2  RTX_Config.o [1]
  .text                 ro code        0xe58   0x4f0  rtx_msgqueue.o [2]
  .text                 ro code       0x1348    0xa6  ABImemcpy.o [5]
  .text                 ro code       0x13ee     0x2  startup_TM4C1294.o [1]
  .text                 ro code       0x13f0     0x6  ABImemclr.o [5]
  .text                 ro code       0x13f8   0x16c  rtx_system.o [2]
  .text                 ro code       0x1564    0x5e  ABImemset.o [5]
  .text                 ro code       0x15c4     0xc  os_systick.o [2]
  .text                 ro code       0x15d0   0x29c  sysctl.o [4]
  .text                 ro code       0x186c   0x270  rtx_kernel.o [2]
  .text                 ro code       0x1adc    0x36  rtx_memory.o [2]
  .text                 ro code       0x1b14    0x40  os_systick.o [2]
  .text                 ro code       0x1b54     0x6  os_systick.o [2]
  .text                 ro code       0x1b5c    0x2c  os_systick.o [2]
  .text                 ro code       0x1b88     0x2  rtx_lib.o [1]
  .rodata               const         0x1b8c   0x1b0  sysctl.o [4]
  .text                 ro code       0x1d3c   0x14e  gpio.o [4]
  .text                 ro code       0x1e8c   0x130  driverleds.o [1]
  .text                 ro code       0x1fbc   0x128  tarefas.o [1]
  .text                 ro code       0x20e4    0x54  rtx_delay.o [2]
  .text                 ro code       0x2138    0xc8  rtx_timer.o [2]
  .text                 ro code       0x2200    0xc4  irq_cm4f.o [2]
  .rodata               const         0x22c4    0x6c  sysctl.o [4]
  .rodata               const         0x2330    0x68  rtx_lib.o [1]
  .text                 ro code       0x2398    0x38  zero_init3.o [5]
  .rodata               const         0x23d0    0x30  sysctl.o [4]
  .text                 ro code       0x2400    0x30  system_TM4C1294_TW.o [1]
  .text                 ro code       0x2430    0x28  data_init.o [5]
  .rodata               const         0x2458    0x24  rtx_lib.o [1]
  .rodata               const         0x247c    0x24  rtx_lib.o [1]
  .iar.init_table       const         0x24a0    0x20  - Linker created -
  .text                 ro code       0x24c0    0x1e  cmain.o [5]
  .text                 ro code       0x24de     0x4  low_level_init.o [3]
  .text                 ro code       0x24e2     0x4  exit.o [3]
  .text                 ro code       0x24e8     0xa  cexit.o [5]
  .text                 ro code       0x24f4    0x14  exit.o [6]
  .text                 ro code       0x2508    0x1c  cstartup_M.o [5]
  .text                 ro code       0x2524    0x14  startup_TM4C1294.o [1]
  .rodata               const         0x2538    0x18  rtx_lib.o [1]
  .rodata               const         0x2550     0x4  rtx_lib.o [1]
  .rodata               const         0x2554     0x0  zero_init3.o [5]
  .rodata               const         0x2554     0x0  packbits_init_single.o [5]
  Initializer bytes     const         0x2554     0xd  <for P2-1>
                                    - 0x2561  0x21a1

"P2", part 1 of 3:                              0xa4
  P2-1                           0x2000'0000    0xa4  <Init block>
    .data.os            inited   0x2000'0000    0xa4  rtx_kernel.o [2]
                               - 0x2000'00a4    0xa4

"P2", part 2 of 3:                            0x1364
  .bss.os               zero     0x2000'00a8  0x1000  rtx_lib.o [1]
  .bss.os.thread.stack  zero     0x2000'10a8   0x100  rtx_lib.o [1]
  .bss.os.thread.stack  zero     0x2000'11a8   0x100  rtx_lib.o [1]
  .bss.os.msgqueue.mem  zero     0x2000'12a8    0x50  rtx_lib.o [1]
  .bss.os.thread.cb     zero     0x2000'12f8    0x44  rtx_lib.o [1]
  .bss.os.thread.cb     zero     0x2000'133c    0x44  rtx_lib.o [1]
  .bss.os               zero     0x2000'1380    0x40  rtx_lib.o [1]
  .bss.os.msgqueue.cb   zero     0x2000'13c0    0x34  rtx_lib.o [1]
  .bss                  zero     0x2000'13f4     0x4  tarefas.o [1]
  .bss                  zero     0x2000'13f8     0x4  tarefas.o [1]
  .bss                  zero     0x2000'13fc     0x4  tarefas.o [1]
  .bss                  zero     0x2000'1400     0x4  tarefas.o [1]
  .bss                  zero     0x2000'1404     0x1  os_systick.o [2]
                               - 0x2000'1405  0x1361

"P2", part 3 of 3:                            0x8008
  .noinit               uninit   0x2000'1408     0x4  system_TM4C1294_TW.o [1]
  CSTACK                         0x2000'1410  0x8000  <Block>
    CSTACK              uninit   0x2000'1410  0x8000  <Block tail>
                               - 0x2000'9410  0x8008

Unused ranges:

         From           To      Size
         ----           --      ----
       0x2561     0xf'ffff  0xf'da9f
  0x2000'9410  0x2003'ffff  0x3'6bf0


*******************************************************************************
*** INIT TABLE
***

          Address      Size
          -------      ----
Zero (__iar_zero_init3)
    1 destination range, total size 0x135d:
          0x2000'00a8  0x135d

Copy/packbits (__iar_packbits_init_single3)
    1 source range, total size 0xd (7% of destination):
               0x2554     0xd
    1 destination range, total size 0xa4:
          0x2000'0000    0xa4



*******************************************************************************
*** MODULE SUMMARY
***

    Module                  ro code  ro data  rw data
    ------                  -------  -------  -------
command line/config:
    -------------------------------------------------
    Total:

C:\IAR\EK-TM4C1294_RTOS_IAR8-master\Projects\tarefas\ewarm\Obj: [1]
    RTX_Config.o                 34
    driverleds.o                304
    rtx_lib.o                     2      204    4'940
    startup_TM4C1294.o          982
    system_TM4C1294_TW.o         48                 4
    tarefas.o                   296                16
    -------------------------------------------------
    Total:                    1'666      204    4'960

RTX_CM.a: [2]
    irq_cm4f.o                  196
    os_systick.o                126                 1
    rtx_delay.o                  84
    rtx_kernel.o                624       13      164
    rtx_memory.o                242
    rtx_mempool.o               204
    rtx_msgqueue.o            1'264
    rtx_mutex.o                 600
    rtx_system.o                364
    rtx_thread.o              1'572
    rtx_timer.o                 200
    -------------------------------------------------
    Total:                    5'476       13      165

dl7M_tln.a: [3]
    exit.o                        4
    low_level_init.o              4
    -------------------------------------------------
    Total:                        8

driverlib.a: [4]
    gpio.o                      334
    sysctl.o                    668      588
    -------------------------------------------------
    Total:                    1'002      588

rt7M_tl.a: [5]
    ABImemclr.o                   6
    ABImemclr4.o                  6
    ABImemcpy.o                 166
    ABImemset.o                  94
    ABImemset48.o                50
    cexit.o                      10
    cmain.o                      30
    cstartup_M.o                 28
    data_init.o                  40
    packbits_init_single.o       58
    zero_init3.o                 56
    -------------------------------------------------
    Total:                      544

shb_l.a: [6]
    exit.o                       20
    -------------------------------------------------
    Total:                       20

    Gaps                         14        2        4
    Linker created                        32   32'768
-----------------------------------------------------
    Grand Total:              8'730      839   37'897


*******************************************************************************
*** ENTRY LIST
***

Entry                       Address    Size  Type      Object
-----                       -------    ----  ----      ------
.iar.init_table$$Base        0x24a0           --   Gb  - Linker created -
.iar.init_table$$Limit       0x24c0           --   Gb  - Linker created -
?main                        0x24c1          Code  Gb  cmain.o [5]
CSTACK$$Base            0x2000'1410           --   Gb  - Linker created -
CSTACK$$Limit           0x2000'9410           --   Gb  - Linker created -
GPIODirModeSet               0x1d3d    0x28  Code  Gb  gpio.o [4]
GPIOPadConfigSet             0x1d65   0x102  Code  Gb  gpio.o [4]
GPIOPinTypeGPIOOutput        0x1e6f     0xa  Code  Gb  gpio.o [4]
GPIOPinWrite                 0x1e67     0x8  Code  Gb  gpio.o [4]
LEDInit                      0x1e8d    0xba  Code  Gb  driverleds.o [1]
LEDWrite                     0x1f47    0x64  Code  Gb  driverleds.o [1]
MessageQueueGet               0xea5    0x40  Code  Lc  rtx_msgqueue.o [2]
MessageQueuePut               0xe59    0x4a  Code  Lc  rtx_msgqueue.o [2]
MessageQueueRemove            0xee5    0x1a  Code  Lc  rtx_msgqueue.o [2]
OS_Tick_AcknowledgeIRQ       0x15c5     0xc  Code  Wk  os_systick.o [2]
OS_Tick_Enable               0x1b5d    0x2c  Code  Wk  os_systick.o [2]
OS_Tick_GetIRQn              0x1b55     0x6  Code  Wk  os_systick.o [2]
OS_Tick_Setup                0x1b15    0x40  Code  Wk  os_systick.o [2]
PendST                  0x2000'1404     0x1  Data  Lc  os_systick.o [2]
PendSV_Handler               0x2299          Code  Gb  irq_cm4f.o [2]
Region$$Table$$Base          0x24a0           --   Gb  - Linker created -
Region$$Table$$Limit         0x24c0           --   Gb  - Linker created -
SVC_Handler                  0x2201          Code  Gb  irq_cm4f.o [2]
SysCtlClockFreqSet           0x1631   0x1fc  Code  Gb  sysctl.o [4]
SysCtlPeripheralEnable       0x1613     0x8  Code  Gb  sysctl.o [4]
SysCtlPeripheralReady        0x15f1     0x8  Code  Gb  sysctl.o [4]
SysTick_Handler              0x22a9          Code  Gb  irq_cm4f.o [2]
SystemCoreClock         0x2000'1408     0x4  Data  Gb  system_TM4C1294_TW.o [1]
SystemInit                   0x2401    0x1c  Code  Gb  system_TM4C1294_TW.o [1]
ThreadFlagsCheck              0x3c1    0x6c  Code  Lc  rtx_thread.o [2]
TimerInsert                  0x2139    0x36  Code  Lc  rtx_timer.o [2]
_SysCtlMemTimingGet          0x15d1    0x20  Code  Lc  sysctl.o [4]
__Vectors                       0x0           --   Gb  startup_TM4C1294.o [1]
__Vectors_End                 0x3c0          Data  Gb  startup_TM4C1294.o [1]
__Vectors_Size {Abs}          0x3c0           --   Gb  startup_TM4C1294.o [1]
__aeabi_memclr               0x13f1          Code  Gb  ABImemclr.o [5]
__aeabi_memclr4               0xb65          Code  Gb  ABImemclr4.o [5]
__aeabi_memcpy               0x1349          Code  Gb  ABImemcpy.o [5]
__aeabi_memcpy4              0x1369          Code  Gb  ABImemcpy.o [5]
__aeabi_memcpy8              0x1369          Code  Gb  ABImemcpy.o [5]
__cmain                      0x24c1          Code  Gb  cmain.o [5]
__exit                       0x24f5    0x14  Code  Gb  exit.o [6]
__iar_Memset4_word            0xe25          Code  Gb  ABImemset48.o [5]
__iar_Memset8_word            0xe25          Code  Gb  ABImemset48.o [5]
__iar_Memset_word            0x1565          Code  Gb  ABImemset.o [5]
__iar_data_init3             0x2431    0x28  Code  Gb  data_init.o [5]
__iar_init_vfp               0x252d          Code  Wk  startup_TM4C1294.o [1]
__iar_packbits_init_single3
                              0xb2b    0x3a  Code  Gb  packbits_init_single.o [5]
__iar_program_start          0x2509          Code  Gb  cstartup_M.o [5]
__iar_zero_init3             0x2399    0x38  Code  Gb  zero_init3.o [5]
__low_level_init             0x24df     0x4  Code  Gb  low_level_init.o [3]
__vector_table                  0x0          Data  Gb  startup_TM4C1294.o [1]
__vector_table_0x1c            0x1c          Data  Gb  startup_TM4C1294.o [1]
_call_main                   0x24cd          Code  Gb  cmain.o [5]
_exit                        0x24e9          Code  Gb  cexit.o [5]
exit                         0x24e3     0x4  Code  Gb  exit.o [3]
g_pppui32XTALtoVCO           0x1b8c   0x1b0  Data  Lc  sysctl.o [4]
g_pui32VCOFrequencies        0x1864     0x8  Data  Lc  sysctl.o [4]
g_pui32Xtals                 0x22c4    0x6c  Data  Lc  sysctl.o [4]
g_sXTALtoMEMTIM              0x23d0    0x30  Data  Lc  sysctl.o [4]
main                         0x2051    0x7a  Code  Gb  tarefas.o [1]
mutex1_id               0x2000'13fc     0x4  Data  Gb  tarefas.o [1]
mutex2_id               0x2000'1400     0x4  Data  Gb  tarefas.o [1]
osDelayUntil                 0x2109    0x20  Code  Gb  rtx_delay.o [2]
osKernelGetState             0x1a31    0x30  Code  Gb  rtx_kernel.o [2]
osKernelGetTickCount         0x1a89    0x20  Code  Gb  rtx_kernel.o [2]
osKernelInitialize           0x1a05    0x2a  Code  Gb  rtx_kernel.o [2]
osKernelStart                0x1a61    0x20  Code  Gb  rtx_kernel.o [2]
osMessageQueueGet            0x12c5    0x5a  Code  Gb  rtx_msgqueue.o [2]
osMessageQueueNew            0x123d    0x22  Code  Gb  rtx_msgqueue.o [2]
osMessageQueuePut            0x1261    0x62  Code  Gb  rtx_msgqueue.o [2]
osMutexAcquire                0xda9    0x20  Code  Gb  rtx_mutex.o [2]
osMutexNew                    0xd85    0x22  Code  Gb  rtx_mutex.o [2]
osMutexRelease                0xdc9    0x20  Code  Gb  rtx_mutex.o [2]
osRtxConfig                  0x2330    0x68  Data  Gb  rtx_lib.o [1]
osRtxErrorNotify              0xe05    0x20  Code  Gb  RTX_Config.o [1]
osRtxIdleThread               0xe57     0x2  Code  Gb  RTX_Config.o [1]
osRtxInfo               0x2000'0000    0xa4  Data  Gb  rtx_kernel.o [2]
osRtxKernelPreInit           0x1b89     0x2  Code  Gb  rtx_lib.o [1]
osRtxMemoryAlloc              0xab1    0x7a  Code  Wk  rtx_memory.o [2]
osRtxMemoryFree               0xb6b    0x42  Code  Wk  rtx_memory.o [2]
osRtxMemoryInit              0x1add    0x36  Code  Wk  rtx_memory.o [2]
osRtxMemoryPoolAlloc          0xa29    0x3a  Code  Gb  rtx_mempool.o [2]
osRtxMemoryPoolFree           0xa65    0x4c  Code  Gb  rtx_mempool.o [2]
osRtxMemoryPoolInit           0x9e5    0x42  Code  Gb  rtx_mempool.o [2]
osRtxMessageQueuePostProcess
                              0xeff    0xba  Code  Lc  rtx_msgqueue.o [2]
osRtxMutexOwnerRelease        0xbad    0x42  Code  Gb  rtx_mutex.o [2]
osRtxPendSV_Handler          0x1461    0x8a  Code  Gb  rtx_system.o [2]
osRtxPostProcess             0x14ed    0x6e  Code  Gb  rtx_system.o [2]
osRtxThreadBlock              0x599    0x2e  Code  Lc  rtx_thread.o [2]
osRtxThreadDelayInsert        0x4a7    0x62  Code  Lc  rtx_thread.o [2]
osRtxThreadDelayRemove        0x509    0x44  Code  Lc  rtx_thread.o [2]
osRtxThreadDelayTick          0x54d    0x38  Code  Gb  rtx_thread.o [2]
osRtxThreadDispatch           0x5d5    0x60  Code  Gb  rtx_thread.o [2]
osRtxThreadFree               0x865    0x56  Code  Lc  rtx_thread.o [2]
osRtxThreadListGet            0x44f    0x14  Code  Gb  rtx_thread.o [2]
osRtxThreadListPut            0x42d    0x22  Code  Gb  rtx_thread.o [2]
osRtxThreadListRemove         0x489    0x16  Code  Gb  rtx_thread.o [2]
osRtxThreadListSort           0x463    0x26  Code  Gb  rtx_thread.o [2]
osRtxThreadPostProcess        0x697    0x36  Code  Lc  rtx_thread.o [2]
osRtxThreadReadyPut           0x49f     0x8  Code  Gb  rtx_thread.o [2]
osRtxThreadRegPtr             0x585    0x14  Code  Gb  rtx_thread.o [2]
osRtxThreadStartup            0x935    0x32  Code  Gb  rtx_thread.o [2]
osRtxThreadSwitch             0x5c7     0xe  Code  Gb  rtx_thread.o [2]
osRtxThreadWaitEnter          0x663    0x34  Code  Gb  rtx_thread.o [2]
osRtxThreadWaitExit           0x635    0x28  Code  Gb  rtx_thread.o [2]
osRtxTick_Handler            0x13f9    0x68  Code  Gb  rtx_system.o [2]
osRtxTimerThread             0x21c5    0x3c  Code  Wk  rtx_timer.o [2]
osRtxTimerTick               0x216f    0x52  Code  Lc  rtx_timer.o [2]
osRtxUserSVC                 0x2550     0x4  Data  Gb  rtx_lib.o [1]
osThreadExit                  0x991     0x8  Code  Gb  rtx_thread.o [2]
osThreadNew                   0x969    0x22  Code  Gb  rtx_thread.o [2]
os_idle_thread_attr          0x2458    0x24  Data  Lc  rtx_lib.o [1]
os_idle_thread_cb       0x2000'12f8    0x44  Data  Lc  rtx_lib.o [1]
os_idle_thread_stack    0x2000'10a8   0x100  Data  Lc  rtx_lib.o [1]
os_isr_queue            0x2000'1380    0x40  Data  Lc  rtx_lib.o [1]
os_mem                  0x2000'00a8  0x1000  Data  Lc  rtx_lib.o [1]
os_timer_mq_attr             0x2538    0x18  Data  Lc  rtx_lib.o [1]
os_timer_mq_cb          0x2000'13c0    0x34  Data  Lc  rtx_lib.o [1]
os_timer_mq_data        0x2000'12a8    0x50  Data  Lc  rtx_lib.o [1]
os_timer_thread_attr         0x247c    0x24  Data  Lc  rtx_lib.o [1]
os_timer_thread_cb      0x2000'133c    0x44  Data  Lc  rtx_lib.o [1]
os_timer_thread_stack   0x2000'11a8   0x100  Data  Lc  rtx_lib.o [1]
svcRtxDelayUntil             0x20e5    0x22  Code  Lc  rtx_delay.o [2]
svcRtxKernelGetState         0x1975     0x2  Code  Lc  rtx_kernel.o [2]
svcRtxKernelGetTickCount
                             0x1a03     0x2  Code  Lc  rtx_kernel.o [2]
svcRtxKernelInitialize       0x186d   0x108  Code  Lc  rtx_kernel.o [2]
svcRtxKernelStart            0x197f    0x84  Code  Lc  rtx_kernel.o [2]
svcRtxMessageQueueGet        0x1161    0xbc  Code  Lc  rtx_msgqueue.o [2]
svcRtxMessageQueueNew         0xfb9   0x108  Code  Lc  rtx_msgqueue.o [2]
svcRtxMessageQueuePut        0x10c1    0xa0  Code  Lc  rtx_msgqueue.o [2]
svcRtxMutexAcquire            0xc4d    0x8c  Code  Lc  rtx_mutex.o [2]
svcRtxMutexNew                0xbef    0x5e  Code  Lc  rtx_mutex.o [2]
svcRtxMutexRelease            0xcd9    0xa4  Code  Lc  rtx_mutex.o [2]
svcRtxThreadExit              0x8bb    0x7a  Code  Lc  rtx_thread.o [2]
svcRtxThreadNew               0x6cd   0x192  Code  Lc  rtx_thread.o [2]
thread1                      0x1fbd    0x4a  Code  Gb  tarefas.o [1]
thread1_id              0x2000'13f4     0x4  Data  Gb  tarefas.o [1]
thread2                      0x2007    0x4a  Code  Gb  tarefas.o [1]
thread2_id              0x2000'13f8     0x4  Data  Gb  tarefas.o [1]


[1] = C:\IAR\EK-TM4C1294_RTOS_IAR8-master\Projects\tarefas\ewarm\Obj
[2] = RTX_CM.a
[3] = dl7M_tln.a
[4] = driverlib.a
[5] = rt7M_tl.a
[6] = shb_l.a

   8'730 bytes of readonly  code memory
     839 bytes of readonly  data memory
  37'897 bytes of readwrite data memory

Errors: none
Warnings: none
