###############################################################################
#
# IAR ELF Linker V9.10.1.308/W64 for ARM                  25/Apr/2021  10:34:54
# Copyright 2007-2021 IAR Systems AB.
#
#    Output file  =
#        C:\IAR\EK-TM4C1294_RTOS_IAR8-master\Projects\prodcons\ewarm\Exe\prodcons.out
#    Map file     =
#        C:\IAR\EK-TM4C1294_RTOS_IAR8-master\Projects\prodcons\ewarm\List\prodcons.map
#    Command line =
#        -f
#        C:\IAR\EK-TM4C1294_RTOS_IAR8-master\Projects\prodcons\ewarm\Exe\prodcons.out.rsp
#        (C:\IAR\EK-TM4C1294_RTOS_IAR8-master\Projects\prodcons\ewarm\Obj\driverbuttons.o
#        C:\IAR\EK-TM4C1294_RTOS_IAR8-master\Projects\prodcons\ewarm\Obj\driverleds.o
#        C:\IAR\EK-TM4C1294_RTOS_IAR8-master\TivaWare_C_Series-2.1.4.178\driverlib\ewarm\Exe\driverlib.a
#        C:\IAR\EK-TM4C1294_RTOS_IAR8-master\Projects\prodcons\ewarm\Obj\prodcons.o
#        C:\IAR\EK-TM4C1294_RTOS_IAR8-master\CMSIS-5.6.0\CMSIS\RTOS2\RTX\Library\IAR\IDE\CM4F\Exe\RTX_CM.a
#        C:\IAR\EK-TM4C1294_RTOS_IAR8-master\Projects\prodcons\ewarm\Obj\RTX_Config.o
#        C:\IAR\EK-TM4C1294_RTOS_IAR8-master\Projects\prodcons\ewarm\Obj\rtx_lib.o
#        C:\IAR\EK-TM4C1294_RTOS_IAR8-master\Projects\prodcons\ewarm\Obj\startup_TM4C1294.o
#        C:\IAR\EK-TM4C1294_RTOS_IAR8-master\Projects\prodcons\ewarm\Obj\system_TM4C1294_TW.o
#        --no_out_extension -o
#        C:\IAR\EK-TM4C1294_RTOS_IAR8-master\Projects\prodcons\ewarm\Exe\prodcons.out
#        --map
#        C:\IAR\EK-TM4C1294_RTOS_IAR8-master\Projects\prodcons\ewarm\List\prodcons.map
#        --config "C:\Program Files\IAR_9.0\Embedded Workbench
#        9.0\arm\config\linker\TexasInstruments\TM4C1294NC.icf" --semihosting
#        --entry __iar_program_start --vfe --text_out locale)
#
###############################################################################

*******************************************************************************
*** RUNTIME MODEL ATTRIBUTES
***

CppFlavor       = *
__SystemLibrary = DLib
__dlib_version  = 6


*******************************************************************************
*** HEAP SELECTION
***

The basic heap was selected because some modules are built with
size limitations (and not runtime checking), and --advanced_heap
was not specified.


*******************************************************************************
*** PLACEMENT SUMMARY
***

"A0":  place at address 0x0 { ro section .intvec };
"P1":  place in [from 0x0 to 0xf'ffff] { ro };
define block CSTACK with size = 32K, alignment = 8 { };
define block HEAP with size = 64K, alignment = 8 { };
"P2":  place in [from 0x2000'0000 to 0x2003'ffff] {
          rw, block CSTACK, block HEAP };
initialize by copy { rw };

  Section               Kind         Address    Size  Object
  -------               ----         -------    ----  ------
"A0":                                          0x3c0
  .intvec               ro code          0x0   0x3c0  startup_TM4C1294.o [1]
                                     - 0x3c0   0x3c0

"P1":                                         0x1d0d
  .text                 ro code        0x3c0   0x600  rtx_thread.o [2]
  .text                 ro code        0x9c0    0xcc  rtx_mempool.o [2]
  .text                 ro code        0xa8c    0x7a  rtx_memory.o [2]
  .text                 ro code        0xb06    0x3a  packbits_init_single.o [5]
  .text                 ro code        0xb40     0x6  ABImemclr4.o [5]
  .text                 ro code        0xb46    0x42  rtx_memory.o [2]
  .text                 ro code        0xb88    0x42  rtx_mutex.o [2]
  .text                 ro code        0xbca     0x2  RTX_Config.o [1]
  .text                 ro code        0xbcc    0x32  ABImemset48.o [5]
  .text                 ro code        0xbfe     0x2  RTX_Config.o [1]
  .text                 ro code        0xc00   0x4f0  rtx_msgqueue.o [2]
  .text                 ro code       0x10f0    0xa6  ABImemcpy.o [5]
  .text                 ro code       0x1196     0x2  startup_TM4C1294.o [1]
  .text                 ro code       0x1198     0x6  ABImemclr.o [5]
  .text                 ro code       0x11a0   0x16c  rtx_system.o [2]
  .text                 ro code       0x130c    0x5e  ABImemset.o [5]
  .text                 ro code       0x136c     0xc  os_systick.o [2]
  .text                 ro code       0x1378   0x29c  sysctl.o [4]
  .rodata               const         0x1614   0x1b0  sysctl.o [4]
  .text                 ro code       0x17c4   0x14e  gpio.o [4]
  .text                 ro code       0x1914   0x134  driverleds.o [1]
  .text                 ro code       0x1a48   0x10c  rtx_kernel.o [2]
  .text                 ro code       0x1b54    0x40  os_systick.o [2]
  .text                 ro code       0x1b94     0x6  os_systick.o [2]
  .text                 ro code       0x1b9c    0x2c  os_systick.o [2]
  .text                 ro code       0x1bc8    0xc8  rtx_timer.o [2]
  .text                 ro code       0x1c90    0xc4  irq_cm4f.o [2]
  .text                 ro code       0x1d54    0xa4  prodcons.o [1]
  .text                 ro code       0x1df8    0x3c  rtx_delay.o [2]
  .text                 ro code       0x1e34    0x2c  system_TM4C1294_TW.o [1]
  .rodata               const         0x1e60    0x6c  sysctl.o [4]
  .rodata               const         0x1ecc    0x68  rtx_lib.o [1]
  .text                 ro code       0x1f34    0x38  zero_init3.o [5]
  .rodata               const         0x1f6c    0x30  sysctl.o [4]
  .text                 ro code       0x1f9c    0x28  data_init.o [5]
  .rodata               const         0x1fc4    0x24  rtx_lib.o [1]
  .rodata               const         0x1fe8    0x24  rtx_lib.o [1]
  .iar.init_table       const         0x200c    0x20  - Linker created -
  .text                 ro code       0x202c    0x1e  cmain.o [5]
  .text                 ro code       0x204a     0x4  low_level_init.o [3]
  .text                 ro code       0x204e     0x4  exit.o [3]
  .text                 ro code       0x2054     0xa  cexit.o [5]
  .text                 ro code       0x2060    0x14  exit.o [6]
  .text                 ro code       0x2074    0x1c  cstartup_M.o [5]
  .text                 ro code       0x2090    0x14  startup_TM4C1294.o [1]
  .rodata               const         0x20a4    0x18  rtx_lib.o [1]
  .rodata               const         0x20bc     0x4  rtx_lib.o [1]
  .rodata               const         0x20c0     0x0  zero_init3.o [5]
  .rodata               const         0x20c0     0x0  packbits_init_single.o [5]
  Initializer bytes     const         0x20c0     0xd  <for P2-1>
                                    - 0x20cd  0x1d0d

"P2", part 1 of 3:                              0xa4
  P2-1                           0x2000'0000    0xa4  <Init block>
    .data.os            inited   0x2000'0000    0xa4  rtx_kernel.o [2]
                               - 0x2000'00a4    0xa4

"P2", part 2 of 3:                            0x1360
  .bss.os               zero     0x2000'00a8  0x1000  rtx_lib.o [1]
  .bss.os.thread.stack  zero     0x2000'10a8   0x100  rtx_lib.o [1]
  .bss.os.thread.stack  zero     0x2000'11a8   0x100  rtx_lib.o [1]
  .bss.os.msgqueue.mem  zero     0x2000'12a8    0x50  rtx_lib.o [1]
  .bss.os.thread.cb     zero     0x2000'12f8    0x44  rtx_lib.o [1]
  .bss.os.thread.cb     zero     0x2000'133c    0x44  rtx_lib.o [1]
  .bss.os               zero     0x2000'1380    0x40  rtx_lib.o [1]
  .bss.os.msgqueue.cb   zero     0x2000'13c0    0x34  rtx_lib.o [1]
  .bss                  zero     0x2000'13f4     0xc  prodcons.o [1]
  .bss                  zero     0x2000'1400     0x1  os_systick.o [2]
                               - 0x2000'1401  0x135d

"P2", part 3 of 3:                            0x8004
  .noinit               uninit   0x2000'1404     0x4  system_TM4C1294_TW.o [1]
  CSTACK                         0x2000'1408  0x8000  <Block>
    CSTACK              uninit   0x2000'1408  0x8000  <Block tail>
                               - 0x2000'9408  0x8004

Unused ranges:

         From           To      Size
         ----           --      ----
       0x20cd     0xf'ffff  0xf'df33
  0x2000'9408  0x2003'ffff  0x3'6bf8


*******************************************************************************
*** INIT TABLE
***

          Address      Size
          -------      ----
Zero (__iar_zero_init3)
    1 destination range, total size 0x1359:
          0x2000'00a8  0x1359

Copy/packbits (__iar_packbits_init_single3)
    1 source range, total size 0xd (7% of destination):
               0x20c0     0xd
    1 destination range, total size 0xa4:
          0x2000'0000    0xa4



*******************************************************************************
*** MODULE SUMMARY
***

    Module                  ro code  ro data  rw data
    ------                  -------  -------  -------
command line/config:
    -------------------------------------------------
    Total:

C:\IAR\EK-TM4C1294_RTOS_IAR8-master\Projects\prodcons\ewarm\Obj: [1]
    RTX_Config.o                  4
    driverleds.o                308
    prodcons.o                  164                12
    rtx_lib.o                            204    4'940
    startup_TM4C1294.o          982
    system_TM4C1294_TW.o         44                 4
    -------------------------------------------------
    Total:                    1'502      204    4'956

RTX_CM.a: [2]
    irq_cm4f.o                  196
    os_systick.o                126                 1
    rtx_delay.o                  60
    rtx_kernel.o                268       13      164
    rtx_memory.o                188
    rtx_mempool.o               204
    rtx_msgqueue.o            1'264
    rtx_mutex.o                  66
    rtx_system.o                364
    rtx_thread.o              1'536
    rtx_timer.o                 200
    -------------------------------------------------
    Total:                    4'472       13      165

dl7M_tln.a: [3]
    exit.o                        4
    low_level_init.o              4
    -------------------------------------------------
    Total:                        8

driverlib.a: [4]
    gpio.o                      334
    sysctl.o                    668      588
    -------------------------------------------------
    Total:                    1'002      588

rt7M_tl.a: [5]
    ABImemclr.o                   6
    ABImemclr4.o                  6
    ABImemcpy.o                 166
    ABImemset.o                  94
    ABImemset48.o                50
    cexit.o                      10
    cmain.o                      30
    cstartup_M.o                 28
    data_init.o                  40
    packbits_init_single.o       58
    zero_init3.o                 56
    -------------------------------------------------
    Total:                      544

shb_l.a: [6]
    exit.o                       20
    -------------------------------------------------
    Total:                       20

    Gaps                         12                 4
    Linker created                        32   32'768
-----------------------------------------------------
    Grand Total:              7'560      837   37'893


*******************************************************************************
*** ENTRY LIST
***

Entry                       Address    Size  Type      Object
-----                       -------    ----  ----      ------
.iar.init_table$$Base        0x200c           --   Gb  - Linker created -
.iar.init_table$$Limit       0x202c           --   Gb  - Linker created -
?main                        0x202d          Code  Gb  cmain.o [5]
CSTACK$$Base            0x2000'1408           --   Gb  - Linker created -
CSTACK$$Limit           0x2000'9408           --   Gb  - Linker created -
GPIODirModeSet               0x17c5    0x28  Code  Gb  gpio.o [4]
GPIOPadConfigSet             0x17ed   0x102  Code  Gb  gpio.o [4]
GPIOPinTypeGPIOOutput        0x18f7     0xa  Code  Gb  gpio.o [4]
GPIOPinWrite                 0x18ef     0x8  Code  Gb  gpio.o [4]
LEDInit                      0x1915    0xac  Code  Gb  driverleds.o [1]
LEDWrite                     0x19df    0x58  Code  Gb  driverleds.o [1]
MessageQueueGet               0xc4d    0x40  Code  Lc  rtx_msgqueue.o [2]
MessageQueuePut               0xc01    0x4a  Code  Lc  rtx_msgqueue.o [2]
MessageQueueRemove            0xc8d    0x1a  Code  Lc  rtx_msgqueue.o [2]
MsgQueue_id             0x2000'13fc     0x4  Data  Gb  prodcons.o [1]
OS_Tick_AcknowledgeIRQ       0x136d     0xc  Code  Wk  os_systick.o [2]
OS_Tick_Enable               0x1b9d    0x2c  Code  Wk  os_systick.o [2]
OS_Tick_GetIRQn              0x1b95     0x6  Code  Wk  os_systick.o [2]
OS_Tick_Setup                0x1b55    0x40  Code  Wk  os_systick.o [2]
PendST                  0x2000'1400     0x1  Data  Lc  os_systick.o [2]
PendSV_Handler               0x1d29          Code  Gb  irq_cm4f.o [2]
Region$$Table$$Base          0x200c           --   Gb  - Linker created -
Region$$Table$$Limit         0x202c           --   Gb  - Linker created -
SVC_Handler                  0x1c91          Code  Gb  irq_cm4f.o [2]
SysCtlClockFreqSet           0x13d9   0x1fc  Code  Gb  sysctl.o [4]
SysCtlPeripheralEnable       0x13bb     0x8  Code  Gb  sysctl.o [4]
SysCtlPeripheralReady        0x1399     0x8  Code  Gb  sysctl.o [4]
SysTick_Handler              0x1d39          Code  Gb  irq_cm4f.o [2]
SystemCoreClock         0x2000'1404     0x4  Data  Gb  system_TM4C1294_TW.o [1]
SystemInit                   0x1e35    0x1a  Code  Gb  system_TM4C1294_TW.o [1]
ThreadFlagsCheck              0x3c1    0x6c  Code  Lc  rtx_thread.o [2]
TimerInsert                  0x1bc9    0x36  Code  Lc  rtx_timer.o [2]
_SysCtlMemTimingGet          0x1379    0x20  Code  Lc  sysctl.o [4]
__Vectors                       0x0           --   Gb  startup_TM4C1294.o [1]
__Vectors_End                 0x3c0          Data  Gb  startup_TM4C1294.o [1]
__Vectors_Size {Abs}          0x3c0           --   Gb  startup_TM4C1294.o [1]
__aeabi_memclr               0x1199          Code  Gb  ABImemclr.o [5]
__aeabi_memclr4               0xb41          Code  Gb  ABImemclr4.o [5]
__aeabi_memcpy               0x10f1          Code  Gb  ABImemcpy.o [5]
__aeabi_memcpy4              0x1111          Code  Gb  ABImemcpy.o [5]
__aeabi_memcpy8              0x1111          Code  Gb  ABImemcpy.o [5]
__cmain                      0x202d          Code  Gb  cmain.o [5]
__exit                       0x2061    0x14  Code  Gb  exit.o [6]
__iar_Memset4_word            0xbcd          Code  Gb  ABImemset48.o [5]
__iar_Memset8_word            0xbcd          Code  Gb  ABImemset48.o [5]
__iar_Memset_word            0x130d          Code  Gb  ABImemset.o [5]
__iar_data_init3             0x1f9d    0x28  Code  Gb  data_init.o [5]
__iar_init_vfp               0x2099          Code  Wk  startup_TM4C1294.o [1]
__iar_packbits_init_single3
                              0xb07    0x3a  Code  Gb  packbits_init_single.o [5]
__iar_program_start          0x2075          Code  Gb  cstartup_M.o [5]
__iar_zero_init3             0x1f35    0x38  Code  Gb  zero_init3.o [5]
__low_level_init             0x204b     0x4  Code  Gb  low_level_init.o [3]
__vector_table                  0x0          Data  Gb  startup_TM4C1294.o [1]
__vector_table_0x1c            0x1c          Data  Gb  startup_TM4C1294.o [1]
_call_main                   0x2039          Code  Gb  cmain.o [5]
_exit                        0x2055          Code  Gb  cexit.o [5]
consumidor                   0x1d83    0x28  Code  Gb  prodcons.o [1]
consumidor_id           0x2000'13f8     0x4  Data  Gb  prodcons.o [1]
exit                         0x204f     0x4  Code  Gb  exit.o [3]
g_pppui32XTALtoVCO           0x1614   0x1b0  Data  Lc  sysctl.o [4]
g_pui32VCOFrequencies        0x160c     0x8  Data  Lc  sysctl.o [4]
g_pui32Xtals                 0x1e60    0x6c  Data  Lc  sysctl.o [4]
g_sXTALtoMEMTIM              0x1f6c    0x30  Data  Lc  sysctl.o [4]
main                         0x1dab    0x40  Code  Gb  prodcons.o [1]
osDelay                      0x1e09    0x20  Code  Gb  rtx_delay.o [2]
osKernelGetState             0x1ad9    0x30  Code  Gb  rtx_kernel.o [2]
osKernelStart                0x1b09    0x20  Code  Gb  rtx_kernel.o [2]
osMessageQueueGet            0x106d    0x5a  Code  Gb  rtx_msgqueue.o [2]
osMessageQueueNew             0xfe5    0x22  Code  Gb  rtx_msgqueue.o [2]
osMessageQueuePut            0x1009    0x62  Code  Gb  rtx_msgqueue.o [2]
osRtxConfig                  0x1ecc    0x68  Data  Gb  rtx_lib.o [1]
osRtxErrorNotify              0xbcb     0x2  Code  Gb  RTX_Config.o [1]
osRtxIdleThread               0xbff     0x2  Code  Gb  RTX_Config.o [1]
osRtxInfo               0x2000'0000    0xa4  Data  Gb  rtx_kernel.o [2]
osRtxMemoryAlloc              0xa8d    0x7a  Code  Wk  rtx_memory.o [2]
osRtxMemoryFree               0xb47    0x42  Code  Wk  rtx_memory.o [2]
osRtxMemoryPoolAlloc          0xa05    0x3a  Code  Gb  rtx_mempool.o [2]
osRtxMemoryPoolFree           0xa41    0x4c  Code  Gb  rtx_mempool.o [2]
osRtxMemoryPoolInit           0x9c1    0x42  Code  Gb  rtx_mempool.o [2]
osRtxMessageQueuePostProcess
                              0xca7    0xba  Code  Lc  rtx_msgqueue.o [2]
osRtxMutexOwnerRelease        0xb89    0x42  Code  Gb  rtx_mutex.o [2]
osRtxPendSV_Handler          0x1209    0x8a  Code  Gb  rtx_system.o [2]
osRtxPostProcess             0x1295    0x6e  Code  Gb  rtx_system.o [2]
osRtxThreadBlock              0x573    0x2e  Code  Lc  rtx_thread.o [2]
osRtxThreadDelayInsert        0x481    0x62  Code  Lc  rtx_thread.o [2]
osRtxThreadDelayRemove        0x4e3    0x44  Code  Lc  rtx_thread.o [2]
osRtxThreadDelayTick          0x527    0x38  Code  Gb  rtx_thread.o [2]
osRtxThreadDispatch           0x5af    0x60  Code  Gb  rtx_thread.o [2]
osRtxThreadFree               0x83f    0x56  Code  Lc  rtx_thread.o [2]
osRtxThreadListGet            0x44f    0x14  Code  Gb  rtx_thread.o [2]
osRtxThreadListPut            0x42d    0x22  Code  Gb  rtx_thread.o [2]
osRtxThreadListRemove         0x463    0x16  Code  Gb  rtx_thread.o [2]
osRtxThreadPostProcess        0x671    0x36  Code  Lc  rtx_thread.o [2]
osRtxThreadReadyPut           0x479     0x8  Code  Gb  rtx_thread.o [2]
osRtxThreadRegPtr             0x55f    0x14  Code  Gb  rtx_thread.o [2]
osRtxThreadStartup            0x90f    0x32  Code  Gb  rtx_thread.o [2]
osRtxThreadSwitch             0x5a1     0xe  Code  Gb  rtx_thread.o [2]
osRtxThreadWaitEnter          0x63d    0x34  Code  Gb  rtx_thread.o [2]
osRtxThreadWaitExit           0x60f    0x28  Code  Gb  rtx_thread.o [2]
osRtxTick_Handler            0x11a1    0x68  Code  Gb  rtx_system.o [2]
osRtxTimerThread             0x1c55    0x3c  Code  Wk  rtx_timer.o [2]
osRtxTimerTick               0x1bff    0x52  Code  Lc  rtx_timer.o [2]
osRtxUserSVC                 0x20bc     0x4  Data  Gb  rtx_lib.o [1]
osThreadExit                  0x96d     0x8  Code  Gb  rtx_thread.o [2]
osThreadNew                   0x945    0x22  Code  Gb  rtx_thread.o [2]
os_idle_thread_attr          0x1fc4    0x24  Data  Lc  rtx_lib.o [1]
os_idle_thread_cb       0x2000'12f8    0x44  Data  Lc  rtx_lib.o [1]
os_idle_thread_stack    0x2000'10a8   0x100  Data  Lc  rtx_lib.o [1]
os_isr_queue            0x2000'1380    0x40  Data  Lc  rtx_lib.o [1]
os_mem                  0x2000'00a8  0x1000  Data  Lc  rtx_lib.o [1]
os_timer_mq_attr             0x20a4    0x18  Data  Lc  rtx_lib.o [1]
os_timer_mq_cb          0x2000'13c0    0x34  Data  Lc  rtx_lib.o [1]
os_timer_mq_data        0x2000'12a8    0x50  Data  Lc  rtx_lib.o [1]
os_timer_thread_attr         0x1fe8    0x24  Data  Lc  rtx_lib.o [1]
os_timer_thread_cb      0x2000'133c    0x44  Data  Lc  rtx_lib.o [1]
os_timer_thread_stack   0x2000'11a8   0x100  Data  Lc  rtx_lib.o [1]
produtor                     0x1d55    0x2e  Code  Gb  prodcons.o [1]
produtor_id             0x2000'13f4     0x4  Data  Gb  prodcons.o [1]
svcRtxDelay                  0x1df9    0x10  Code  Lc  rtx_delay.o [2]
svcRtxKernelGetState         0x1a49     0x2  Code  Lc  rtx_kernel.o [2]
svcRtxKernelStart            0x1a53    0x84  Code  Lc  rtx_kernel.o [2]
svcRtxMessageQueueGet         0xf09    0xbc  Code  Lc  rtx_msgqueue.o [2]
svcRtxMessageQueueNew         0xd61   0x108  Code  Lc  rtx_msgqueue.o [2]
svcRtxMessageQueuePut         0xe69    0xa0  Code  Lc  rtx_msgqueue.o [2]
svcRtxThreadExit              0x895    0x7a  Code  Lc  rtx_thread.o [2]
svcRtxThreadNew               0x6a7   0x192  Code  Lc  rtx_thread.o [2]


[1] = C:\IAR\EK-TM4C1294_RTOS_IAR8-master\Projects\prodcons\ewarm\Obj
[2] = RTX_CM.a
[3] = dl7M_tln.a
[4] = driverlib.a
[5] = rt7M_tl.a
[6] = shb_l.a

   7'560 bytes of readonly  code memory
     837 bytes of readonly  data memory
  37'893 bytes of readwrite data memory

Errors: none
Warnings: none
