###############################################################################
#
# IAR ELF Linker V9.10.1.308/W64 for ARM                  29/Mar/2021  22:19:57
# Copyright 2007-2021 IAR Systems AB.
#
#    Output file  =
#        C:\IAR\EK-TM4C1294_RTOS_IAR8-master\Projects\blinky\ewarm\Exe\blinky.out
#    Map file     =
#        C:\IAR\EK-TM4C1294_RTOS_IAR8-master\Projects\blinky\ewarm\List\blinky.map
#    Command line =
#        -f
#        C:\IAR\EK-TM4C1294_RTOS_IAR8-master\Projects\blinky\ewarm\Exe\blinky.out.rsp
#        (C:\IAR\EK-TM4C1294_RTOS_IAR8-master\Projects\blinky\ewarm\Obj\blinky.o
#        C:\IAR\EK-TM4C1294_RTOS_IAR8-master\Projects\blinky\ewarm\Obj\driverleds.o
#        C:\IAR\EK-TM4C1294_RTOS_IAR8-master\TivaWare_C_Series-2.1.4.178\driverlib\ewarm\Exe\driverlib.a
#        C:\IAR\EK-TM4C1294_RTOS_IAR8-master\CMSIS-5.6.0\CMSIS\RTOS2\RTX\Library\IAR\IDE\CM4F\Exe\RTX_CM.a
#        C:\IAR\EK-TM4C1294_RTOS_IAR8-master\Projects\blinky\ewarm\Obj\RTX_Config.o
#        C:\IAR\EK-TM4C1294_RTOS_IAR8-master\Projects\blinky\ewarm\Obj\rtx_lib.o
#        C:\IAR\EK-TM4C1294_RTOS_IAR8-master\Projects\blinky\ewarm\Obj\startup_TM4C1294.o
#        C:\IAR\EK-TM4C1294_RTOS_IAR8-master\Projects\blinky\ewarm\Obj\system_TM4C1294_TW.o
#        --no_out_extension -o
#        C:\IAR\EK-TM4C1294_RTOS_IAR8-master\Projects\blinky\ewarm\Exe\blinky.out
#        --map
#        C:\IAR\EK-TM4C1294_RTOS_IAR8-master\Projects\blinky\ewarm\List\blinky.map
#        --config "C:\Program Files\IAR_9.0\Embedded Workbench
#        9.0\arm\config\linker\TexasInstruments\TM4C1294NC.icf" --semihosting
#        --entry __iar_program_start --vfe --text_out locale)
#
###############################################################################

*******************************************************************************
*** RUNTIME MODEL ATTRIBUTES
***

CppFlavor       = *
__SystemLibrary = DLib
__dlib_version  = 6


*******************************************************************************
*** HEAP SELECTION
***

The basic heap was selected because some modules are built with
size limitations (and not runtime checking), and --advanced_heap
was not specified.


*******************************************************************************
*** PLACEMENT SUMMARY
***

"A0":  place at address 0x0 { ro section .intvec };
"P1":  place in [from 0x0 to 0xf'ffff] { ro };
define block CSTACK with size = 32K, alignment = 8 { };
define block HEAP with size = 64K, alignment = 8 { };
"P2":  place in [from 0x2000'0000 to 0x2003'ffff] {
          rw, block CSTACK, block HEAP };
initialize by copy { rw };

  Section                Kind         Address    Size  Object
  -------                ----         -------    ----  ------
"A0":                                           0x3c0
  .intvec                ro code          0x0   0x3c0  startup_TM4C1294.o [1]
                                      - 0x3c0   0x3c0

"P1":                                          0x235b
  .text                  ro code        0x3c0   0x774  rtx_thread.o [2]
  .text                  ro code        0xb34    0xcc  rtx_mempool.o [2]
  .text                  ro code        0xc00    0x7a  rtx_memory.o [2]
  .text                  ro code        0xc7a    0x3a  packbits_init_single.o [5]
  .text                  ro code        0xcb4     0x6  ABImemclr4.o [5]
  .text                  ro code        0xcba    0x42  rtx_memory.o [2]
  .text                  ro code        0xcfc   0x258  rtx_mutex.o [2]
  .text                  ro code        0xf54   0x16c  rtx_system.o [2]
  .text                  ro code       0x10c0     0x2  RTX_Config.o [1]
  .text                  ro code       0x10c2     0x2  RTX_Config.o [1]
  .text                  ro code       0x10c4    0x32  ABImemset48.o [5]
  .text                  ro code       0x10f6     0x2  startup_TM4C1294.o [1]
  .text                  ro code       0x10f8     0xc  os_systick.o [2]
  .text                  ro code       0x1104   0x4f0  rtx_msgqueue.o [2]
  .text                  ro code       0x15f4    0xa6  ABImemcpy.o [5]
  .text                  ro code       0x169c     0x6  ABImemclr.o [5]
  .text                  ro code       0x16a4    0x5e  ABImemset.o [5]
  .text                  ro code       0x1704   0x29c  sysctl.o [4]
  .text                  ro code       0x19a0   0x244  rtx_kernel.o [2]
  .text                  ro code       0x1be4    0x36  rtx_memory.o [2]
  .text                  ro code       0x1c1c    0x40  os_systick.o [2]
  .text                  ro code       0x1c5c     0x6  os_systick.o [2]
  .text                  ro code       0x1c64    0x2c  os_systick.o [2]
  .text                  ro code       0x1c90     0x2  rtx_lib.o [1]
  .rodata                const         0x1c94   0x1b0  sysctl.o [4]
  .text                  ro code       0x1e44   0x1b0  blinky.o [1]
  .text                  ro code       0x1ff4   0x14c  driverleds.o [1]
  .text                  ro code       0x2140    0x3c  rtx_delay.o [2]
  .text                  ro code       0x217c   0x14e  gpio.o [4]
  .text                  ro code       0x22cc    0xc8  rtx_timer.o [2]
  .text                  ro code       0x2394    0xc4  irq_cm4f.o [2]
  .rodata                const         0x2458    0x6c  sysctl.o [4]
  .rodata                const         0x24c4    0x68  rtx_lib.o [1]
  .text                  ro code       0x252c    0x38  zero_init3.o [5]
  .rodata                const         0x2564    0x30  sysctl.o [4]
  .text                  ro code       0x2594    0x2c  system_TM4C1294_TW.o [1]
  .text                  ro code       0x25c0    0x28  data_init.o [5]
  .rodata                const         0x25e8    0x24  rtx_lib.o [1]
  .rodata                const         0x260c    0x24  rtx_lib.o [1]
  .iar.init_table        const         0x2630    0x20  - Linker created -
  .text                  ro code       0x2650    0x1e  cmain.o [5]
  .text                  ro code       0x266e     0x4  low_level_init.o [3]
  .text                  ro code       0x2672     0x4  exit.o [3]
  .text                  ro code       0x2678     0xa  cexit.o [5]
  .text                  ro code       0x2684    0x14  exit.o [6]
  .text                  ro code       0x2698    0x1c  cstartup_M.o [5]
  .text                  ro code       0x26b4    0x14  startup_TM4C1294.o [1]
  .rodata                const         0x26c8    0x18  rtx_lib.o [1]
  .rodata                const         0x26e0     0xc  blinky.o [1]
  .rodata                const         0x26ec     0x4  rtx_lib.o [1]
  .rodata                const         0x26f0     0x0  zero_init3.o [5]
  .rodata                const         0x26f0     0x0  packbits_init_single.o [5]
  Initializer bytes      const         0x26f0    0x2b  <for P2-1>
                                     - 0x271b  0x235b

"P2", part 1 of 3:                               0xd4
  P2-1                            0x2000'0000    0xd4  <Init block>
    .data.os             inited   0x2000'0000    0xa4  rtx_kernel.o [2]
    .data.os.thread.mpi  inited   0x2000'00a4    0x18  rtx_lib.o [1]
    .data.os.thread.mpi  inited   0x2000'00bc    0x18  rtx_lib.o [1]
                                - 0x2000'00d4    0xd4

"P2", part 2 of 3:                             0x1e64
  .bss.os                zero     0x2000'00d8  0x1000  rtx_lib.o [1]
  .bss.os.thread.stack   zero     0x2000'10d8   0x960  rtx_lib.o [1]
  .bss.os.thread.cb      zero     0x2000'1a38   0x198  rtx_lib.o [1]
  .bss.os.thread.stack   zero     0x2000'1bd0   0x100  rtx_lib.o [1]
  .bss.os.thread.stack   zero     0x2000'1cd0   0x100  rtx_lib.o [1]
  .bss.os.msgqueue.mem   zero     0x2000'1dd0    0x50  rtx_lib.o [1]
  .bss.os.thread.cb      zero     0x2000'1e20    0x44  rtx_lib.o [1]
  .bss.os.thread.cb      zero     0x2000'1e64    0x44  rtx_lib.o [1]
  .bss.os                zero     0x2000'1ea8    0x40  rtx_lib.o [1]
  .bss.os.msgqueue.cb    zero     0x2000'1ee8    0x34  rtx_lib.o [1]
  .bss                   zero     0x2000'1f1c    0x18  blinky.o [1]
  .bss                   zero     0x2000'1f34     0x1  os_systick.o [2]
                                - 0x2000'1f35  0x1e61

"P2", part 3 of 3:                             0x8008
  .noinit                uninit   0x2000'1f38     0x4  system_TM4C1294_TW.o [1]
  CSTACK                          0x2000'1f40  0x8000  <Block>
    CSTACK               uninit   0x2000'1f40  0x8000  <Block tail>
                                - 0x2000'9f40  0x8008

Unused ranges:

         From           To      Size
         ----           --      ----
       0x271b     0xf'ffff  0xf'd8e5
  0x2000'9f40  0x2003'ffff  0x3'60c0


*******************************************************************************
*** INIT TABLE
***

          Address      Size
          -------      ----
Zero (__iar_zero_init3)
    1 destination range, total size 0x1e5d:
          0x2000'00d8  0x1e5d

Copy/packbits (__iar_packbits_init_single3)
    1 source range, total size 0x2b (20% of destination):
               0x26f0    0x2b
    1 destination range, total size 0xd4:
          0x2000'0000    0xd4



*******************************************************************************
*** MODULE SUMMARY
***

    Module                  ro code  ro data  rw data
    ------                  -------  -------  -------
command line/config:
    -------------------------------------------------
    Total:

C:\IAR\EK-TM4C1294_RTOS_IAR8-master\Projects\blinky\ewarm\Obj: [1]
    RTX_Config.o                  4
    blinky.o                    432       12       24
    driverleds.o                332
    rtx_lib.o                     2      214    7'796
    startup_TM4C1294.o          982
    system_TM4C1294_TW.o         44                 4
    -------------------------------------------------
    Total:                    1'796      226    7'824

RTX_CM.a: [2]
    irq_cm4f.o                  196
    os_systick.o                126                 1
    rtx_delay.o                  60
    rtx_kernel.o                580       33      164
    rtx_memory.o                242
    rtx_mempool.o               204
    rtx_msgqueue.o            1'264
    rtx_mutex.o                 600
    rtx_system.o                364
    rtx_thread.o              1'908
    rtx_timer.o                 200
    -------------------------------------------------
    Total:                    5'744       33      165

dl7M_tln.a: [3]
    exit.o                        4
    low_level_init.o              4
    -------------------------------------------------
    Total:                        8

driverlib.a: [4]
    gpio.o                      334
    sysctl.o                    668      588
    -------------------------------------------------
    Total:                    1'002      588

rt7M_tl.a: [5]
    ABImemclr.o                   6
    ABImemclr4.o                  6
    ABImemcpy.o                 166
    ABImemset.o                  94
    ABImemset48.o                50
    cexit.o                      10
    cmain.o                      30
    cstartup_M.o                 28
    data_init.o                  40
    packbits_init_single.o       58
    zero_init3.o                 56
    -------------------------------------------------
    Total:                      544

shb_l.a: [6]
    exit.o                       20
    -------------------------------------------------
    Total:                       20

    Gaps                         16        2        4
    Linker created                        32   32'768
-----------------------------------------------------
    Grand Total:              9'130      881   40'761


*******************************************************************************
*** ENTRY LIST
***

Entry                       Address    Size  Type      Object
-----                       -------    ----  ----      ------
.iar.init_table$$Base        0x2630           --   Gb  - Linker created -
.iar.init_table$$Limit       0x2650           --   Gb  - Linker created -
?main                        0x2651          Code  Gb  cmain.o [5]
CSTACK$$Base            0x2000'1f40           --   Gb  - Linker created -
CSTACK$$Limit           0x2000'9f40           --   Gb  - Linker created -
GPIODirModeSet               0x217d    0x28  Code  Gb  gpio.o [4]
GPIOPadConfigSet             0x21a5   0x102  Code  Gb  gpio.o [4]
GPIOPinTypeGPIOOutput        0x22af     0xa  Code  Gb  gpio.o [4]
GPIOPinWrite                 0x22a7     0x8  Code  Gb  gpio.o [4]
LEDInit                      0x1ff5    0xac  Code  Gb  driverleds.o [1]
LEDOff                       0x20e3    0x38  Code  Gb  driverleds.o [1]
LEDOn                        0x20a9    0x3a  Code  Gb  driverleds.o [1]
MessageQueueGet              0x1151    0x40  Code  Lc  rtx_msgqueue.o [2]
MessageQueuePut              0x1105    0x4a  Code  Lc  rtx_msgqueue.o [2]
MessageQueueRemove           0x1191    0x1a  Code  Lc  rtx_msgqueue.o [2]
OS_Tick_AcknowledgeIRQ       0x10f9     0xc  Code  Wk  os_systick.o [2]
OS_Tick_Enable               0x1c65    0x2c  Code  Wk  os_systick.o [2]
OS_Tick_GetIRQn              0x1c5d     0x6  Code  Wk  os_systick.o [2]
OS_Tick_Setup                0x1c1d    0x40  Code  Wk  os_systick.o [2]
PendST                  0x2000'1f34     0x1  Data  Lc  os_systick.o [2]
PendSV_Handler               0x242d          Code  Gb  irq_cm4f.o [2]
Phases_Mutex_attr            0x1fe4    0x10  Data  Gb  blinky.o [1]
Region$$Table$$Base          0x2630           --   Gb  - Linker created -
Region$$Table$$Limit         0x2650           --   Gb  - Linker created -
SVC_Handler                  0x2395          Code  Gb  irq_cm4f.o [2]
Switch_Off                   0x1e53     0xc  Code  Gb  blinky.o [1]
Switch_On                    0x1e45     0xe  Code  Gb  blinky.o [1]
SysCtlClockFreqSet           0x1765   0x1fc  Code  Gb  sysctl.o [4]
SysCtlPeripheralEnable       0x1747     0x8  Code  Gb  sysctl.o [4]
SysCtlPeripheralReady        0x1725     0x8  Code  Gb  sysctl.o [4]
SysTick_Handler              0x243d          Code  Gb  irq_cm4f.o [2]
SystemCoreClock         0x2000'1f38     0x4  Data  Gb  system_TM4C1294_TW.o [1]
SystemInit                   0x2595    0x1a  Code  Gb  system_TM4C1294_TW.o [1]
ThreadFlagsCheck              0x3c1    0x6c  Code  Lc  rtx_thread.o [2]
TimerInsert                  0x22cd    0x36  Code  Lc  rtx_timer.o [2]
_SysCtlMemTimingGet          0x1705    0x20  Code  Lc  sysctl.o [4]
__Vectors                       0x0           --   Gb  startup_TM4C1294.o [1]
__Vectors_End                 0x3c0          Data  Gb  startup_TM4C1294.o [1]
__Vectors_Size {Abs}          0x3c0           --   Gb  startup_TM4C1294.o [1]
__aeabi_memclr               0x169d          Code  Gb  ABImemclr.o [5]
__aeabi_memclr4               0xcb5          Code  Gb  ABImemclr4.o [5]
__aeabi_memcpy               0x15f5          Code  Gb  ABImemcpy.o [5]
__aeabi_memcpy4              0x1615          Code  Gb  ABImemcpy.o [5]
__aeabi_memcpy8              0x1615          Code  Gb  ABImemcpy.o [5]
__cmain                      0x2651          Code  Gb  cmain.o [5]
__exit                       0x2685    0x14  Code  Gb  exit.o [6]
__iar_Memset4_word           0x10c5          Code  Gb  ABImemset48.o [5]
__iar_Memset8_word           0x10c5          Code  Gb  ABImemset48.o [5]
__iar_Memset_word            0x16a5          Code  Gb  ABImemset.o [5]
__iar_data_init3             0x25c1    0x28  Code  Gb  data_init.o [5]
__iar_init_vfp               0x26bd          Code  Wk  startup_TM4C1294.o [1]
__iar_packbits_init_single3
                              0xc7b    0x3a  Code  Gb  packbits_init_single.o [5]
__iar_program_start          0x2699          Code  Gb  cstartup_M.o [5]
__iar_zero_init3             0x252d    0x38  Code  Gb  zero_init3.o [5]
__low_level_init             0x266f     0x4  Code  Gb  low_level_init.o [3]
__vector_table                  0x0          Data  Gb  startup_TM4C1294.o [1]
__vector_table_0x1c            0x1c          Data  Gb  startup_TM4C1294.o [1]
_call_main                   0x265d          Code  Gb  cmain.o [5]
_exit                        0x2679          Code  Gb  cexit.o [5]
app_main                     0x1f49    0x5a  Code  Gb  blinky.o [1]
clock                        0x1f2f    0x18  Code  Gb  blinky.o [1]
exit                         0x2673     0x4  Code  Gb  exit.o [3]
g_pppui32XTALtoVCO           0x1c94   0x1b0  Data  Lc  sysctl.o [4]
g_pui32VCOFrequencies        0x1998     0x8  Data  Lc  sysctl.o [4]
g_pui32Xtals                 0x2458    0x6c  Data  Lc  sysctl.o [4]
g_sXTALtoMEMTIM              0x2564    0x30  Data  Lc  sysctl.o [4]
main                         0x1fa3    0x24  Code  Gb  blinky.o [1]
osDelay                      0x2151    0x20  Code  Gb  rtx_delay.o [2]
osKernelGetState             0x1b65    0x30  Code  Gb  rtx_kernel.o [2]
osKernelInitialize           0x1b39    0x2a  Code  Gb  rtx_kernel.o [2]
osKernelStart                0x1b95    0x20  Code  Gb  rtx_kernel.o [2]
osMessageQueueGet            0x1571    0x5a  Code  Gb  rtx_msgqueue.o [2]
osMessageQueueNew            0x14e9    0x22  Code  Gb  rtx_msgqueue.o [2]
osMessageQueuePut            0x150d    0x62  Code  Gb  rtx_msgqueue.o [2]
osMutexAcquire                0xef9    0x20  Code  Gb  rtx_mutex.o [2]
osMutexNew                    0xed5    0x22  Code  Gb  rtx_mutex.o [2]
osMutexRelease                0xf19    0x20  Code  Gb  rtx_mutex.o [2]
osRtxConfig                  0x24c4    0x68  Data  Gb  rtx_lib.o [1]
osRtxErrorNotify             0x10c1     0x2  Code  Gb  RTX_Config.o [1]
osRtxIdleThread              0x10c3     0x2  Code  Gb  RTX_Config.o [1]
osRtxInfo               0x2000'0000    0xa4  Data  Gb  rtx_kernel.o [2]
osRtxKernelPreInit           0x1c91     0x2  Code  Gb  rtx_lib.o [1]
osRtxMemoryAlloc              0xc01    0x7a  Code  Wk  rtx_memory.o [2]
osRtxMemoryFree               0xcbb    0x42  Code  Wk  rtx_memory.o [2]
osRtxMemoryInit              0x1be5    0x36  Code  Wk  rtx_memory.o [2]
osRtxMemoryPoolAlloc          0xb79    0x3a  Code  Gb  rtx_mempool.o [2]
osRtxMemoryPoolFree           0xbb5    0x4c  Code  Gb  rtx_mempool.o [2]
osRtxMemoryPoolInit           0xb35    0x42  Code  Gb  rtx_mempool.o [2]
osRtxMessageQueuePostProcess
                             0x11ab    0xba  Code  Lc  rtx_msgqueue.o [2]
osRtxMutexOwnerRelease        0xcfd    0x42  Code  Gb  rtx_mutex.o [2]
osRtxPendSV_Handler           0xfbd    0x8a  Code  Gb  rtx_system.o [2]
osRtxPostProcess             0x1049    0x6e  Code  Gb  rtx_system.o [2]
osRtxThreadBlock              0x599    0x2e  Code  Lc  rtx_thread.o [2]
osRtxThreadDelayInsert        0x4a7    0x62  Code  Lc  rtx_thread.o [2]
osRtxThreadDelayRemove        0x509    0x44  Code  Lc  rtx_thread.o [2]
osRtxThreadDelayTick          0x54d    0x38  Code  Gb  rtx_thread.o [2]
osRtxThreadDispatch           0x5d5    0x60  Code  Gb  rtx_thread.o [2]
osRtxThreadFree               0x865    0x56  Code  Lc  rtx_thread.o [2]
osRtxThreadListGet            0x44f    0x14  Code  Gb  rtx_thread.o [2]
osRtxThreadListPut            0x42d    0x22  Code  Gb  rtx_thread.o [2]
osRtxThreadListRemove         0x489    0x16  Code  Gb  rtx_thread.o [2]
osRtxThreadListSort           0x463    0x26  Code  Gb  rtx_thread.o [2]
osRtxThreadPostProcess        0x697    0x36  Code  Lc  rtx_thread.o [2]
osRtxThreadReadyPut           0x49f     0x8  Code  Gb  rtx_thread.o [2]
osRtxThreadRegPtr             0x585    0x14  Code  Gb  rtx_thread.o [2]
osRtxThreadStartup            0x9f7    0x32  Code  Gb  rtx_thread.o [2]
osRtxThreadSwitch             0x5c7     0xe  Code  Gb  rtx_thread.o [2]
osRtxThreadWaitEnter          0x663    0x34  Code  Gb  rtx_thread.o [2]
osRtxThreadWaitExit           0x635    0x28  Code  Gb  rtx_thread.o [2]
osRtxTick_Handler             0xf55    0x68  Code  Gb  rtx_system.o [2]
osRtxTimerThread             0x2359    0x3c  Code  Wk  rtx_timer.o [2]
osRtxTimerTick               0x2303    0x52  Code  Lc  rtx_timer.o [2]
osRtxUserSVC                 0x26ec     0x4  Data  Gb  rtx_lib.o [1]
osThreadExit                  0xa5d     0x8  Code  Gb  rtx_thread.o [2]
osThreadFlagsSet              0xa65    0x5c  Code  Gb  rtx_thread.o [2]
osThreadFlagsWait             0xac1    0x20  Code  Gb  rtx_thread.o [2]
osThreadNew                   0xa2d    0x22  Code  Gb  rtx_thread.o [2]
os_idle_thread_attr          0x25e8    0x24  Data  Lc  rtx_lib.o [1]
os_idle_thread_cb       0x2000'1e20    0x44  Data  Lc  rtx_lib.o [1]
os_idle_thread_stack    0x2000'1bd0   0x100  Data  Lc  rtx_lib.o [1]
os_isr_queue            0x2000'1ea8    0x40  Data  Lc  rtx_lib.o [1]
os_mem                  0x2000'00d8  0x1000  Data  Lc  rtx_lib.o [1]
os_mpi_def_stack        0x2000'00bc    0x18  Data  Lc  rtx_lib.o [1]
os_mpi_thread           0x2000'00a4    0x18  Data  Lc  rtx_lib.o [1]
os_thread_cb            0x2000'1a38   0x198  Data  Lc  rtx_lib.o [1]
os_thread_def_stack     0x2000'10d8   0x960  Data  Lc  rtx_lib.o [1]
os_timer_mq_attr             0x26c8    0x18  Data  Lc  rtx_lib.o [1]
os_timer_mq_cb          0x2000'1ee8    0x34  Data  Lc  rtx_lib.o [1]
os_timer_mq_data        0x2000'1dd0    0x50  Data  Lc  rtx_lib.o [1]
os_timer_thread_attr         0x260c    0x24  Data  Lc  rtx_lib.o [1]
os_timer_thread_cb      0x2000'1e64    0x44  Data  Lc  rtx_lib.o [1]
os_timer_thread_stack   0x2000'1cd0   0x100  Data  Lc  rtx_lib.o [1]
phaseA                       0x1eb3    0x1c  Code  Gb  blinky.o [1]
phaseB                       0x1ecf    0x1c  Code  Gb  blinky.o [1]
phaseC                       0x1eeb    0x1c  Code  Gb  blinky.o [1]
phaseD                       0x1f13    0x1c  Code  Gb  blinky.o [1]
phases_mut_id           0x2000'1f30     0x4  Data  Gb  blinky.o [1]
signal_func                  0x1e77    0x32  Code  Gb  blinky.o [1]
svcRtxDelay                  0x2141    0x10  Code  Lc  rtx_delay.o [2]
svcRtxKernelGetState         0x1aa9     0x2  Code  Lc  rtx_kernel.o [2]
svcRtxKernelInitialize       0x19a1   0x108  Code  Lc  rtx_kernel.o [2]
svcRtxKernelStart            0x1ab3    0x84  Code  Lc  rtx_kernel.o [2]
svcRtxMessageQueueGet        0x140d    0xbc  Code  Lc  rtx_msgqueue.o [2]
svcRtxMessageQueueNew        0x1265   0x108  Code  Lc  rtx_msgqueue.o [2]
svcRtxMessageQueuePut        0x136d    0xa0  Code  Lc  rtx_msgqueue.o [2]
svcRtxMutexAcquire            0xd9d    0x8c  Code  Lc  rtx_mutex.o [2]
svcRtxMutexNew                0xd3f    0x5e  Code  Lc  rtx_mutex.o [2]
svcRtxMutexRelease            0xe29    0xa4  Code  Lc  rtx_mutex.o [2]
svcRtxThreadExit              0x8bb    0x7a  Code  Lc  rtx_thread.o [2]
svcRtxThreadFlagsSet          0x935    0x70  Code  Lc  rtx_thread.o [2]
svcRtxThreadFlagsWait         0x9ad    0x44  Code  Lc  rtx_thread.o [2]
svcRtxThreadNew               0x6cd   0x192  Code  Lc  rtx_thread.o [2]
tid_clock               0x2000'1f2c     0x4  Data  Gb  blinky.o [1]
tid_phaseA              0x2000'1f1c     0x4  Data  Gb  blinky.o [1]
tid_phaseB              0x2000'1f20     0x4  Data  Gb  blinky.o [1]
tid_phaseC              0x2000'1f24     0x4  Data  Gb  blinky.o [1]
tid_phaseD              0x2000'1f28     0x4  Data  Gb  blinky.o [1]


[1] = C:\IAR\EK-TM4C1294_RTOS_IAR8-master\Projects\blinky\ewarm\Obj
[2] = RTX_CM.a
[3] = dl7M_tln.a
[4] = driverlib.a
[5] = rt7M_tl.a
[6] = shb_l.a

   9'130 bytes of readonly  code memory
     881 bytes of readonly  data memory
  40'761 bytes of readwrite data memory

Errors: none
Warnings: none
